
Running 109 tests using 1 worker

  ✓    1 [chromium] › tests\clipboard-history.test.js:15:5 › Clipboard History Manager › should initialize with empty history (1.7s)
  ✓    2 [chromium] › tests\clipboard-history.test.js:20:5 › Clipboard History Manager › should add entry to history when copying selection (9.2s)
  ✓    3 [chromium] › tests\clipboard-history.test.js:58:5 › Clipboard History Manager › should maintain up to 10 history entries (15.8s)
  ✓    4 [chromium] › tests\clipboard-history.test.js:94:5 › Clipboard History Manager › should set active entry when clicked (5.3s)
  ✓    5 [chromium] › tests\clipboard-history.test.js:124:5 › Clipboard History Manager › should delete entry when delete button clicked (5.3s)
  ✓    6 [chromium] › tests\clipboard-history.test.js:154:5 › Clipboard History Manager › should paste from active history entry (3.1s)
  ✓    7 [chromium] › tests\clipboard-history.test.js:183:5 › Clipboard History Manager › should show tile count and dimensions in history entry (5.1s)
  ✓    8 [chromium] › tests\clipboard-history.test.js:212:5 › Clipboard History Manager › should work with wand tool selections (3.8s)
  ✓    9 [chromium] › tests\clipboard-history.test.js:251:5 › Multiple Clipboard Entries › should paste different entries when switching active (5.0s)
  ✓   10 [chromium] › tests\clipboard-history.test.js:299:5 › Multiple Clipboard Entries › should handle empty history gracefully (1.6s)
  ✓   11 [chromium] › tests\data-type-color-selection.test.js:15:5 › Data Type Auto-Color Selection › should auto-select first biome color when switching to biome data type (2.4s)
  ✓   12 [chromium] › tests\data-type-color-selection.test.js:31:5 › Data Type Auto-Color Selection › should auto-select first height color when switching to height data type (2.3s)
  ✓   13 [chromium] › tests\data-type-color-selection.test.js:47:5 › Data Type Auto-Color Selection › should auto-select first difficulty color when switching to difficulty data type (2.0s)
  ✓   14 [chromium] › tests\data-type-color-selection.test.js:59:5 › Data Type Auto-Color Selection › should auto-select first hazard color when switching to hazard data type (2.0s)
  ✓   15 [chromium] › tests\data-type-color-selection.test.js:71:5 › Data Type Auto-Color Selection › should update selected color in palette UI when switching data types (1.9s)
  ✓   16 [chromium] › tests\data-type-color-selection.test.js:113:5 › Data Type Auto-Color Selection › should allow drawing with auto-selected color after data type switch (2.7s)
  ✓   17 [chromium] › tests\data-type-color-selection.test.js:141:5 › Data Type Auto-Color Selection › should maintain color selection when switching between same data types (2.8s)
  ✓   18 [chromium] › tests\data-type-color-selection.test.js:164:5 › Data Type Auto-Color Selection › should work with keyboard shortcuts for data type switching (1.9s)
  ✓   19 [chromium] › tests\data-type-color-selection.test.js:176:5 › Data Type Auto-Color Selection › should update current color display after auto-selection (2.0s)
  ✓   20 [chromium] › tests\data-type-color-selection.test.js:195:5 › Data Type Auto-Color Selection › should handle rapid data type switching (3.6s)
  ✓   21 [chromium] › tests\data-types.test.js:15:5 › Data Type Switching › should switch between data types using buttons (2.8s)
  ✓   22 [chromium] › tests\data-types.test.js:46:5 › Data Type Switching › should filter color palette when switching data types (2.3s)
  ✓   23 [chromium] › tests\data-types.test.js:64:5 › Data Type Switching › should draw different data types on same position (3.2s)
  ✓   24 [chromium] › tests\data-types.test.js:101:5 › Data Type Switching › should use keyboard shortcuts Alt+1-4 for data type switching (3.0s)
  ✓   25 [chromium] › tests\data-types.test.js:127:5 › Data Type Switching › should preserve data when switching between types (3.4s)
  ✓   26 [chromium] › tests\data-types.test.js:159:5 › Data Type Switching › should show correct statistics for each data type (3.7s)
  ✓   27 [chromium] › tests\data-types.test.js:195:5 › Data Type and Tool Interaction › should work with bucket fill on all data types (10.9s)
  ✓   28 [chromium] › tests\data-types.test.js:233:5 › Data Type and Tool Interaction › should work with eraser on all data types (9.1s)
BROWSER: [INIT] Config version changed from null to 3.0-six-layers, clearing localStorage
BROWSER: Dynamic validator loaded successfully
BROWSER: === Configuration Summary ===

Data Types:
  Biome (biome): 0-22 (23 values defined)
  Height (height): 0-255 (9 values defined)
  Difficulty (difficulty): 0-4 (5 values defined)
  Hazard (hazard): 0-2 (3 values defined)

Valid World Sizes: 256, 512, 1024, 2048

Layer Types: Height, Difficulty, Hazard, Sky, Showfloor, Underground

Tileset Categories:
  Biomes: 23 tilesets
  Difficulty: 5 tilesets
  Hazards: 3 tilesets
  Height: 9 tilesets
BROWSER: [E2E] Starting test JSON load...
BROWSER: Failed to load resource: the server responded with a status of 404 (Not Found)
BROWSER: [E2E] No test JSON file found, skipping auto-load
=== Page loaded ===
Button exists: [33m1[39m
Button visible: [33mtrue[39m
Button enabled: [33mtrue[39m
Before state: {
  editorExists: [33mtrue[39m,
  configManagerExists: [33mtrue[39m,
  layerCount: [33m6[39m,
  totalTilesBefore: [33m0[39m
}
=== Clicking Load Test Map button ===
BROWSER: Starting test map generation...
BROWSER: Generating biome splodges on Floor layer...
BROWSER: Generating biome splodges on Sky layer...
BROWSER: Generating biome splodges on Underground layer...
BROWSER: Generating height splodges...
BROWSER: Generating difficulty splodges...
BROWSER: Generating hazard splodges...
After state: {
  "totalTilesAfter": 455328,
  "isDirty": true,
  "layerStats": {
    "layer_0_Height": {
      "biome": 0,
      "height": 73296,
      "difficulty": 0,
      "hazard": 0
    },
    "layer_1_Difficulty": {
      "biome": 0,
      "height": 0,
      "difficulty": 61730,
      "hazard": 0
    },
    "layer_2_Hazard": {
      "biome": 0,
      "height": 0,
      "difficulty": 0,
      "hazard": 88182
    },
    "layer_3_Sky": {
      "biome": 75226,
      "height": 0,
      "difficulty": 0,
      "hazard": 0
    },
    "layer_4_Showfloor": {
      "biome": 77988,
      "height": 0,
      "difficulty": 0,
      "hazard": 0
    },
    "layer_5_Underground": {
      "biome": 78906,
      "height": 0,
      "difficulty": 0,
      "hazard": 0
    }
  }
}
Status message: Ready
Screenshot saved to test-results/debug-test-map-screenshot.png
  ✓   29 [chromium] › tests\debug-test-map.test.js:8:5 › Debug Test Map Button › debug button click and generation (6.6s)
=== PHASE 1: Create initial content ===
Drawing initial 5x5 pattern...
Initial tiles drawn: 9
=== PHASE 2: Save initial version ===
First file saved to: C:\Users\Administrator\Documents\Unreal Projects\LevelEditor\test-downloads\file1.json
File 1 has 6 layers
=== PHASE 3: Create a new level ===
Tiles after new: 0
=== PHASE 4: Draw different content ===
Drawing second 3x3 pattern...
Second pattern tiles: 4
=== PHASE 5: Save second version ===
Second file saved to: C:\Users\Administrator\Documents\Unreal Projects\LevelEditor\test-downloads\file2.json
Verified: File 1 and File 2 have different content
=== PHASE 6: Open first file ===
Tiles after loading file 1: 9
Status: File: file1.json
=== PHASE 7: Modify first file ===
Adding modification to file 1...
Tiles after modification: 13
=== PHASE 8: Save modified version ===
Modified file saved to: C:\Users\Administrator\Documents\Unreal Projects\LevelEditor\test-downloads\file1-modified.json
Verified: Modified file is different from original
=== PHASE 9: Open second file ===
Tiles after loading file 2: 4
Status: File: file2.json
=== PHASE 10: Verify file contents match expectations ===
File 1 tiles: 9
File 2 tiles: 4
File 3 tiles (modified): 13
=== SUCCESS: Complete workflow verified! ===
  ✓   30 [chromium] › tests\e2e-save-open-workflow.test.js:31:5 › E2E Save and Open Workflow › complete save/open workflow with changes (16.3s)
  ✓   31 [chromium] › tests\e2e-save-open-workflow.test.js:250:5 › E2E Save and Open Workflow › should handle opening invalid JSON gracefully (3.0s)
Undo/Redo preserved after save
  ✓   32 [chromium] › tests\e2e-save-open-workflow.test.js:281:5 › E2E Save and Open Workflow › should preserve undo history after save and continue editing (4.5s)
BROWSER [log]: [INIT] Config version changed from null to 3.0-six-layers, clearing localStorage
BROWSER [log]: Dynamic validator loaded successfully
BROWSER [log]: === Configuration Summary ===

Data Types:
  Biome (biome): 0-22 (23 values defined)
  Height (height): 0-255 (9 values defined)
  Difficulty (difficulty): 0-4 (5 values defined)
  Hazard (hazard): 0-2 (3 values defined)

Valid World Sizes: 256, 512, 1024, 2048

Layer Types: Height, Difficulty, Hazard, Sky, Showfloor, Underground

Tileset Categories:
  Biomes: 23 tilesets
  Difficulty: 5 tilesets
  Hazards: 3 tilesets
  Height: 9 tilesets
BROWSER [log]: [E2E] Starting test JSON load...
BROWSER [error]: Failed to load resource: the server responded with a status of 404 (Not Found)
BROWSER [log]: [E2E] No test JSON file found, skipping auto-load
=== Step 1: Verify button exists ===
Button visible: [33mtrue[39m
=== Step 2: Click button to generate ===
BROWSER [log]: Starting test map generation...
BROWSER [log]: Generating biome splodges on Floor layer...
BROWSER [log]: Generating biome splodges on Sky layer...
BROWSER [log]: Generating biome splodges on Underground layer...
BROWSER [log]: Generating height splodges...
BROWSER [log]: Generating difficulty splodges...
BROWSER [log]: Generating hazard splodges...
=== Step 3: Verify tiles were created ===
Total tiles generated: [33m452357[39m
Zoom level: 100.0%
Layer breakdown:
  Height: 73809 tiles (biome:0, height:73809, difficulty:0, hazard:0)
  Difficulty: 60331 tiles (biome:0, height:0, difficulty:60331, hazard:0)
  Hazard: 89472 tiles (biome:0, height:0, difficulty:0, hazard:89472)
  Sky: 77608 tiles (biome:77608, height:0, difficulty:0, hazard:0)
  Showfloor: 75817 tiles (biome:75817, height:0, difficulty:0, hazard:0)
  Underground: 75320 tiles (biome:75320, height:0, difficulty:0, hazard:0)
=== Step 4: Take screenshot ===
=== Step 5: Verify canvas has colored pixels ===
Colored pixels on canvas: [33m60415464[39m
Unique colors: [33m15686[39m
Top 5 colors: [
  { color: [32m'#628d9e'[39m, count: [33m1960392[39m },
  { color: [32m'#353535'[39m, count: [33m1903510[39m },
  { color: [32m'#33aa1d'[39m, count: [33m1648360[39m },
  { color: [32m'#6a92a2'[39m, count: [33m558726[39m },
  { color: [32m'#647074'[39m, count: [33m507444[39m }
]
=== Step 6: Check minimap ===
Minimap colored pixels: [33m33969[39m
=== SUCCESS: Test map generation complete! ===
  ✓   33 [chromium] › tests\final-splodge-test.test.js:7:1 › complete test map generation workflow (13.0s)
  ✓   34 [chromium] › tests\layer-hover-highlight.test.js:15:5 › Layer Hover Highlighting › should highlight layer when hovering over non-empty pixel (3.5s)
  ✓   35 [chromium] › tests\layer-hover-highlight.test.js:45:5 › Layer Hover Highlighting › should NOT highlight layer when hovering over empty pixel (2.1s)
  ✓   36 [chromium] › tests\layer-hover-highlight.test.js:62:5 › Layer Hover Highlighting › should clear highlight when mouse leaves canvas (2.9s)
  ✓   37 [chromium] › tests\layer-hover-highlight.test.js:96:5 › Layer Hover Highlighting › should ignore invisible layers (3.0s)
  ✓   38 [chromium] › tests\layer-hover-highlight.test.js:126:5 › Layer Hover Highlighting › should work with active layer selection (2.8s)
  ✓   39 [chromium] › tests\layer-management.test.js:15:5 › Layer Management › should have 6 default layers (1.5s)
  ✓   40 [chromium] › tests\layer-management.test.js:26:5 › Layer Management › should switch active layer when clicked (1.9s)
  ✓   41 [chromium] › tests\layer-management.test.js:37:5 › Layer Management › should draw on different layers (2.3s)
  ✓   42 [chromium] › tests\layer-warnings.test.js:22:5 › Layer Warning System › should show warning icon when wrong data type is drawn on layer (2.7s)
  ✓   43 [chromium] › tests\layer-warnings.test.js:50:5 › Layer Warning System › should not show warning when correct data type is used (2.5s)
  ✓   44 [chromium] › tests\layer-warnings.test.js:78:5 › Layer Warning System › should remove invalid colors when warning icon is clicked (3.9s)
  ✓   45 [chromium] › tests\layer-warnings.test.js:126:5 › Layer Warning System › should support undo after clicking warning icon (4.7s)
  ✓   46 [chromium] › tests\layer-warnings.test.js:188:5 › Layer Warning System › should remove warnings after normal undo removes invalid tiles (3.6s)
  ✓   47 [chromium] › tests\layer-warnings.test.js:222:5 › Layer Warning System › should handle bucket fill with invalid colors (4.3s)
  ✓   48 [chromium] › tests\layer-warnings.test.js:259:5 › Layer Warning System › should clear invalid colors but preserve valid ones (4.6s)
  ✓   49 [chromium] › tests\layer-warnings.test.js:321:5 › Layer Warning System › should work with Height layer (expects height data) (3.5s)
  ✓   50 [chromium] › tests\layer-warnings.test.js:354:5 › Layer Warning System › should work with Difficulty layer (expects difficulty data) (3.5s)
  ✓   51 [chromium] › tests\layer-warnings.test.js:387:5 › Layer Warning System › should handle overwriting invalid colors with valid ones (5.3s)
Showfloor layer - Zoom: 100.0%
Showfloor - Colored pixels: 67108864, Unique colors: 15535
Showfloor - Top colors: [
  { color: [32m'#2b2b2b'[39m, count: [33m6694576[39m },
  { color: [32m'#33aa1d'[39m, count: [33m2315740[39m },
  { color: [32m'#353535'[39m, count: [33m1905750[39m },
  { color: [32m'#628d9e'[39m, count: [33m1592108[39m },
  { color: [32m'#3dae28'[39m, count: [33m660548[39m }
]
Sky layer - Zoom: 100.0%
Sky - Colored pixels: 67108864, Unique colors: 15535
Sky - Top colors: [
  { color: [32m'#2b2b2b'[39m, count: [33m6694576[39m },
  { color: [32m'#33aa1d'[39m, count: [33m2315740[39m },
  { color: [32m'#353535'[39m, count: [33m1905750[39m },
  { color: [32m'#628d9e'[39m, count: [33m1592108[39m },
  { color: [32m'#3dae28'[39m, count: [33m660548[39m }
]
Underground layer - Zoom: 100.0%
Underground - Colored pixels: 67108864, Unique colors: 15535
Underground - Top colors: [
  { color: [32m'#2b2b2b'[39m, count: [33m6694576[39m },
  { color: [32m'#33aa1d'[39m, count: [33m2315740[39m },
  { color: [32m'#353535'[39m, count: [33m1905750[39m },
  { color: [32m'#628d9e'[39m, count: [33m1592108[39m },
  { color: [32m'#3dae28'[39m, count: [33m660548[39m }
]
Height layer - Zoom: 100.0%
Height - Colored pixels: 67108864, Unique colors: 15535
Height - Top colors: [
  { color: [32m'#2b2b2b'[39m, count: [33m6694576[39m },
  { color: [32m'#33aa1d'[39m, count: [33m2315740[39m },
  { color: [32m'#353535'[39m, count: [33m1905750[39m },
  { color: [32m'#628d9e'[39m, count: [33m1592108[39m },
  { color: [32m'#3dae28'[39m, count: [33m660548[39m }
]
  ✘   52 [chromium] › tests\quick-visual-test.test.js:7:1 › verify splodges are visible with proper zoom (35.5s)
  ✓   53 [chromium] › tests\save-open-test.test.js:15:5 › Save and Open Functionality › should have Open button (no Export button) (2.2s)
  ✓   54 [chromium] › tests\save-open-test.test.js:35:5 › Save and Open Functionality › should not throw error when Ctrl+E is pressed (2.5s)
  ✓   55 [chromium] › tests\save-open-test.test.js:63:5 › Save and Open Functionality › Save button should trigger download (3.3s)
  ✓   56 [chromium] › tests\save-open-test.test.js:92:5 › Save and Open Functionality › Ctrl+S should trigger Save (2.6s)
  ✓   57 [chromium] › tests\save-open-test.test.js:114:5 › Save and Open Functionality › Open button should open file picker (2.6s)
  ✓   58 [chromium] › tests\save-open-test.test.js:135:5 › Save and Open Functionality › Ctrl+O should trigger Open (2.6s)
  ✓   59 [chromium] › tests\save-open-test.test.js:147:5 › Save and Open Functionality › should not have any broken references to removed elements (8.2s)
  ✓   60 [chromium] › tests\test-map-generation.test.js:15:5 › Test Map Generation › should have Load Test Map button visible (1.6s)
  ✓   61 [chromium] › tests\test-map-generation.test.js:24:5 › Test Map Generation › should generate test map when button is clicked (5.0s)
Layer statistics: {
  Height: { biome: [33m0[39m, height: [33m74369[39m, difficulty: [33m0[39m, hazard: [33m0[39m },
  Difficulty: { biome: [33m0[39m, height: [33m0[39m, difficulty: [33m61624[39m, hazard: [33m0[39m },
  Hazard: { biome: [33m0[39m, height: [33m0[39m, difficulty: [33m0[39m, hazard: [33m84884[39m },
  Sky: { biome: [33m75179[39m, height: [33m0[39m, difficulty: [33m0[39m, hazard: [33m0[39m },
  Showfloor: { biome: [33m75478[39m, height: [33m0[39m, difficulty: [33m0[39m, hazard: [33m0[39m },
  Underground: { biome: [33m77589[39m, height: [33m0[39m, difficulty: [33m0[39m, hazard: [33m0[39m }
}
  ✓   62 [chromium] › tests\test-map-generation.test.js:40:5 › Test Map Generation › should generate splodges on all layer types (5.1s)
  ✓   63 [chromium] › tests\test-map-generation.test.js:72:5 › Test Map Generation › should generate biome splodges on Showfloor layer (5.0s)
  ✓   64 [chromium] › tests\test-map-generation.test.js:88:5 › Test Map Generation › should generate height splodges on Height layer (5.1s)
  ✓   65 [chromium] › tests\test-map-generation.test.js:104:5 › Test Map Generation › should generate difficulty splodges on Difficulty layer (5.0s)
  ✓   66 [chromium] › tests\test-map-generation.test.js:120:5 › Test Map Generation › should generate hazard splodges on Hazard layer (5.1s)
  ✓   67 [chromium] › tests\test-map-generation.test.js:136:5 › Test Map Generation › should generate tiles on multiple layers (4.9s)
  ✓   68 [chromium] › tests\test-map-generation.test.js:156:5 › Test Map Generation › should render splodges on canvas (7.7s)
  ✓   69 [chromium] › tests\test-map-generation.test.js:185:5 › Test Map Generation › should update status message (4.2s)
  ✓   70 [chromium] › tests\test-map-generation.test.js:195:5 › Test Map Generation › should mark editor as dirty after generation (5.1s)
  ✓   71 [chromium] › tests\test-map-generation.test.js:208:5 › Test Map Generation › should support undo after generation (5.8s)
  ✓   72 [chromium] › tests\test-map-generation.test.js:237:5 › Test Map Generation › should generate consistent amount of tiles (6.3s)
Non-black pixels BEFORE generation: [33m67108864[39m
Non-black pixels AFTER generation: [33m67108864[39m
Unique colors found: [33m15529[39m
Sample colors: [
  [32m'#5ba6ff'[39m, [32m'#53a2ff'[39m,
  [32m'#2b2b2b'[39m, [32m'#353535'[39m,
  [32m'#c25e8f'[39m, [32m'#bf568a'[39m,
  [32m'#dc80b7'[39m, [32m'#db7ab4'[39m,
  [32m'#c7a7c6'[39m, [32m'#c5a3c3'[39m
]
Total pixels: [33m67108864[39m
  ✓   73 [chromium] › tests\test-map-visual-verification.test.js:15:5 › Test Map Visual Verification › should render actual colors on canvas after generation (12.4s)
Showfloor layer colors: [33m15898[39m
Height layer colors: [33m15898[39m
  ✓   74 [chromium] › tests\test-map-visual-verification.test.js:88:5 › Test Map Visual Verification › should show different colors on different layers (18.4s)
Color verification: {
  renderedCount: [33m15921[39m,
  renderedColors: [
    [32m'#5ba6ff'[39m, [32m'#53a2ff'[39m,
    [32m'#628d9e'[39m, [32m'#6a92a2'[39m,
    [32m'#804248'[39m, [32m'#7a383f'[39m,
    [32m'#83c99a'[39m, [32m'#7dc795'[39m,
    [32m'#97dca4'[39m, [32m'#92dba0'[39m,
    [32m'#a0d287'[39m, [32m'#9bd081'[39m,
    [32m'#b0e08f'[39m, [32m'#acdf8a'[39m,
    [32m'#a3d589'[39m
  ],
  expectedBiomeCount: [33m22[39m,
  matchCount: [33m1[39m,
  matchPercentage: [32m'4.5'[39m
}
  ✘   75 [chromium] › tests\test-map-visual-verification.test.js:150:5 › Test Map Visual Verification › should render specific biome colors on canvas (12.9s)
Height verification: {
  renderedCount: [33m15955[39m,
  renderedColors: [
    [32m'#5ba6ff'[39m, [32m'#53a2ff'[39m,
    [32m'#628d9e'[39m, [32m'#6a92a2'[39m,
    [32m'#a0c1b5'[39m, [32m'#9bbeb1'[39m,
    [32m'#a2a3b4'[39m, [32m'#9d9fb0'[39m,
    [32m'#e67c72'[39m, [32m'#e5756b'[39m
  ],
  expectedHeightCount: [33m9[39m
}
  ✓   76 [chromium] › tests\test-map-visual-verification.test.js:214:5 › Test Map Visual Verification › should render height gradient colors on Height layer (13.0s)
Difficulty layer colored pixels: [33m67108864[39m
  ✓   77 [chromium] › tests\test-map-visual-verification.test.js:264:5 › Test Map Visual Verification › should render difficulty colors on Difficulty layer (8.0s)
Hazard layer colored pixels: [33m67108864[39m
  ✓   78 [chromium] › tests\test-map-visual-verification.test.js:298:5 › Test Map Visual Verification › should render hazard colors on Hazard layer (8.0s)
Minimap colored pixels: [33m35889[39m
  ✓   79 [chromium] › tests\test-map-visual-verification.test.js:332:5 › Test Map Visual Verification › should have visible splodges in minimap (6.5s)
Screenshot saved: test-results/layer-height-splodges.png
Screenshot saved: test-results/layer-difficulty-splodges.png
Screenshot saved: test-results/layer-hazard-splodges.png
Screenshot saved: test-results/layer-sky-splodges.png
Screenshot saved: test-results/layer-showfloor-splodges.png
Screenshot saved: test-results/layer-underground-splodges.png
  ✓   80 [chromium] › tests\test-map-visual-verification.test.js:362:5 › Test Map Visual Verification › should take screenshots of all layers with splodges (14.3s)
  ✓   81 [chromium] › tests\tool-state.test.js:15:5 › Tool State Persistence › should persist brush size when switching tools (2.3s)
  ✓   82 [chromium] › tests\tool-state.test.js:37:5 › Tool State Persistence › should persist fill mode when switching between shape tools (2.5s)
  ✓   83 [chromium] › tests\tool-state.test.js:63:5 › Tool State Persistence › should preserve diagonal option for wand tool (2.5s)
  ✓   84 [chromium] › tests\tool-state.test.js:89:5 › Tool State Persistence › should use keyboard shortcuts for tool switching (2.9s)
  ✓   85 [chromium] › tests\tool-state.test.js:121:5 › Tool State Persistence › should persist selected color when switching tools (2.5s)
  ✓   86 [chromium] › tests\tool-state.test.js:143:5 › Tool State Persistence › should maintain active data type when switching tools (2.5s)
  ✓   87 [chromium] › tests\tool-state.test.js:171:5 › Tool Options UI › should show correct options for each tool (2.3s)
  ✓   88 [chromium] › tests\tool-state.test.js:191:5 › Tool Options UI › should update brush size dynamically (1.9s)
  ✓   89 [chromium] › tests\tool-state.test.js:205:5 › Tool Options UI › should toggle fill mode with select (2.2s)
  ✓   90 [chromium] › tests\tool-state.test.js:223:5 › Tool Options UI › should toggle diagonal option for wand tool (2.2s)
  ✓   91 [chromium] › tests\undo-redo.test.js:18:5 › Undo/Redo Functionality › should undo and redo drawing with biome data (4.3s)
  ✓   92 [chromium] › tests\undo-redo.test.js:76:5 › Undo/Redo Functionality › should undo and redo drawing with height data (4.3s)
  ✓   93 [chromium] › tests\undo-redo.test.js:134:5 › Undo/Redo Functionality › should preserve all data types when undoing/redoing (4.6s)
  ✓   94 [chromium] › tests\undo-redo.test.js:203:5 › Undo/Redo Functionality › should work with bucket fill tool (4.9s)
  ✓   95 [chromium] › tests\undo-redo.test.js:252:5 › Undo/Redo Functionality › should work with eraser tool (4.4s)
  ✓   96 [chromium] › tests\wand-diagonal.test.js:22:5 › Wand Tool Diagonal Selection › should show diagonal checkbox when wand tool is selected (1.6s)
  ✓   97 [chromium] › tests\wand-diagonal.test.js:41:5 › Wand Tool Diagonal Selection › should hide diagonal checkbox when switching to other tools (2.0s)
  ✓   98 [chromium] › tests\wand-diagonal.test.js:58:5 › Wand Tool Diagonal Selection › should show wand options when using keyboard shortcut (1.7s)
  ✓   99 [chromium] › tests\wand-diagonal.test.js:67:5 › Wand Tool Diagonal Selection › should select only cardinal neighbors when diagonal is unchecked (3.2s)
  ✓  100 [chromium] › tests\wand-diagonal.test.js:105:5 › Wand Tool Diagonal Selection › should select diagonal neighbors when checkbox is checked (3.3s)
  ✓  101 [chromium] › tests\wand-diagonal.test.js:138:5 › Wand Tool Diagonal Selection › should NOT select diagonal neighbors when checkbox is unchecked (3.3s)
  ✓  102 [chromium] › tests\wand-diagonal.test.js:171:5 › Wand Tool Diagonal Selection › should select larger area with diagonal enabled (5.5s)
  ✓  103 [chromium] › tests\wand-diagonal.test.js:225:5 › Wand Tool Diagonal Selection › should work with bucket fill pattern (cardinal only) (4.7s)
  ✓  104 [chromium] › tests\wand-diagonal.test.js:258:5 › Wand Tool Diagonal Selection › should copy and paste wand selection with diagonal enabled (3.7s)
  ✓  105 [chromium] › tests\wand-diagonal.test.js:295:5 › Wand Tool Diagonal Selection › should handle mixed connected regions with diagonal (3.4s)
  ✓  106 [chromium] › tests\wand-diagonal.test.js:326:5 › Wand Tool Diagonal Selection › should persist diagonal checkbox state when switching away and back (2.0s)
  ✓  107 [chromium] › tests\wand-diagonal.test.js:346:5 › Wand Tool Diagonal Selection › should work on different data types (height, difficulty, hazard) (3.5s)
  ✓  108 [chromium] › tests\wand-diagonal.test.js:388:5 › Wand Tool Integration Tests › should move diagonal selection after lifting (4.7s)
  ✓  109 [chromium] › tests\wand-diagonal.test.js:427:5 › Wand Tool Integration Tests › should not select empty tiles with diagonal (2.5s)


  1) [chromium] › tests\quick-visual-test.test.js:7:1 › verify splodges are visible with proper zoom 

    [31mTest timeout of 30000ms exceeded.[39m

    Error: page.screenshot: Test timeout of 30000ms exceeded.
    Call log:
    [2m  - taking page screenshot[22m


      70 |
      71 |         // Take screenshot of this layer (skip waiting for fonts to avoid timeout)
    > 72 |         await page.screenshot({
         |                    ^
      73 |             path: `test-results/layer-${layerName.toLowerCase()}-visible.png`,
      74 |             timeout: 15000
      75 |         });
        at C:\Users\Administrator\Documents\Unreal Projects\LevelEditor\tests\quick-visual-test.test.js:72:20

    attachment #1: video (video/webm) ──────────────────────────────────────────────────────────────
    test-results\quick-visual-test-verify-s-2199d-re-visible-with-proper-zoom-chromium\video.webm
    ────────────────────────────────────────────────────────────────────────────────────────────────

    Error Context: test-results\quick-visual-test-verify-s-2199d-re-visible-with-proper-zoom-chromium\error-context.md

    attachment #3: trace (application/zip) ─────────────────────────────────────────────────────────
    test-results\quick-visual-test-verify-s-2199d-re-visible-with-proper-zoom-chromium\trace.zip
    Usage:

        npx playwright show-trace test-results\quick-visual-test-verify-s-2199d-re-visible-with-proper-zoom-chromium\trace.zip

    ────────────────────────────────────────────────────────────────────────────────────────────────

  2) [chromium] › tests\test-map-visual-verification.test.js:150:5 › Test Map Visual Verification › should render specific biome colors on canvas 

    Error: [2mexpect([22m[31mreceived[39m[2m).[22mtoBeGreaterThan[2m([22m[32mexpected[39m[2m)[22m

    Expected: > [32m3[39m
    Received:   [31m1[39m

      209 |         // Should have rendered multiple biome colors
      210 |         expect(colorVerification.renderedCount).toBeGreaterThan(5);
    > 211 |         expect(colorVerification.matchCount).toBeGreaterThan(3); // At least 3 biome colors should match
          |                                              ^
      212 |     });
      213 |
      214 |     test('should render height gradient colors on Height layer', async ({ page }) => {
        at C:\Users\Administrator\Documents\Unreal Projects\LevelEditor\tests\test-map-visual-verification.test.js:211:46

    attachment #1: screenshot (image/png) ──────────────────────────────────────────────────────────
    test-results\test-map-visual-verificati-101e8-ific-biome-colors-on-canvas-chromium\test-failed-1.png
    ────────────────────────────────────────────────────────────────────────────────────────────────

    attachment #2: video (video/webm) ──────────────────────────────────────────────────────────────
    test-results\test-map-visual-verificati-101e8-ific-biome-colors-on-canvas-chromium\video.webm
    ────────────────────────────────────────────────────────────────────────────────────────────────

    Error Context: test-results\test-map-visual-verificati-101e8-ific-biome-colors-on-canvas-chromium\error-context.md

    attachment #4: trace (application/zip) ─────────────────────────────────────────────────────────
    test-results\test-map-visual-verificati-101e8-ific-biome-colors-on-canvas-chromium\trace.zip
    Usage:

        npx playwright show-trace test-results\test-map-visual-verificati-101e8-ific-biome-colors-on-canvas-chromium\trace.zip

    ────────────────────────────────────────────────────────────────────────────────────────────────

  2 failed
    [chromium] › tests\quick-visual-test.test.js:7:1 › verify splodges are visible with proper zoom 
    [chromium] › tests\test-map-visual-verification.test.js:150:5 › Test Map Visual Verification › should render specific biome colors on canvas 
  107 passed (9.0m)

To open last HTML report run:
[36m[39m
[36m  npx playwright show-report[39m
[36m[39m
